../Core/Src/main.c:96:5:main	56	static
../Core/Src/main.c:199:6:SystemClock_Config	88	static
../Core/Src/main.c:241:13:MX_USART2_UART_Init	8	static
../Core/Src/main.c:272:13:MX_DMA_Init	16	static
../Core/Src/main.c:290:13:MX_GPIO_Init	40	static
../Core/Src/main.c:325:6:blinkled01	16	static
../Core/Src/main.c:346:6:blinkled02	16	static
../Core/Src/main.c:362:6:HAL_UART_RxCpltCallback	16	static
../Core/Src/main.c:374:6:UART	304	static
../Core/Src/main.c:469:6:Error_Handler	4	static,ignoring_inline_asm
